// Jest Snapshot v1, https://goo.gl/fbAQLP

exports[`BoatLocationForm should match the snapshot 1`] = `
ShallowWrapper {
  Symbol(enzyme.__root__): [Circular],
  Symbol(enzyme.__unrendered__): <BoatLocationForm />,
  Symbol(enzyme.__renderer__): Object {
    "batchedUpdates": [Function],
    "getNode": [Function],
    "render": [Function],
    "simulateError": [Function],
    "simulateEvent": [Function],
    "unmount": [Function],
  },
  Symbol(enzyme.__node__): Object {
    "instance": null,
    "key": undefined,
    "nodeType": "host",
    "props": Object {
      "children": Array [
        <div>
          Please enter your boats' coordinates below:
        </div>,
        <div>
          <form
            onSubmit={[Function]}
          >
            The Dinghy:
            <br />
            <input
              name="dinghyLocation1"
              onChange={[Function]}
              placeholder="Coordinate 1"
              type="text"
            />
            <br />
            <input
              name="dinghyLocation2"
              onChange={[Function]}
              placeholder="Coordinate 2"
              type="text"
            />
            <br />
            <input
              name="dinghyLocation3"
              onChange={[Function]}
              placeholder="Coordinate 3"
              type="text"
            />
            <br />
            The Submarine:
            <br />
            <input
              name="submarineLocation1"
              onChange={[Function]}
              placeholder="Coordinate 1"
              type="text"
            />
            <br />
            <input
              name="submarineLocation2"
              onChange={[Function]}
              placeholder="Coordinate 2"
              type="text"
            />
            <br />
            <input
              name="submarineLocation3"
              onChange={[Function]}
              placeholder="Coordinate 3"
              type="text"
            />
            <br />
            <input
              name="submarineLocation4"
              onChange={[Function]}
              placeholder="Coordinate 4"
              type="text"
            />
            <br />
            The Destroyer:
            <br />
            <input
              name="destroyerLocation1"
              onChange={[Function]}
              placeholder="Coordinate 1"
              type="text"
            />
            <br />
            <input
              name="destroyerLocation2"
              onChange={[Function]}
              placeholder="Coordinate 2"
              type="text"
            />
            <br />
            <input
              name="destroyerLocation3"
              onChange={[Function]}
              placeholder="Coordinate 3"
              type="text"
            />
            <br />
            <input
              name="destroyerLocation4"
              onChange={[Function]}
              placeholder="Coordinate 4"
              type="text"
            />
            <br />
            <input
              name="destroyerLocation5"
              onChange={[Function]}
              placeholder="Coordinate 5"
              type="text"
            />
            <br />
            <input
              name="destroyerLocation6"
              onChange={[Function]}
              placeholder="Coordinate 6"
              type="text"
            />
            <br />
            The Battleship:
            <br />
            <input
              name="battleshipLocation1"
              onChange={[Function]}
              placeholder="Coordinate 1"
              type="text"
            />
            <br />
            <input
              name="battleshipLocation2"
              onChange={[Function]}
              placeholder="Coordinate 2"
              type="text"
            />
            <br />
            <input
              name="battleshipLocation3"
              onChange={[Function]}
              placeholder="Coordinate 3"
              type="text"
            />
            <br />
            <input
              name="battleshipLocation4"
              onChange={[Function]}
              placeholder="Coordinate 4"
              type="text"
            />
            <br />
            <input
              name="battleshipLocation5"
              onChange={[Function]}
              placeholder="Coordinate 5"
              type="text"
            />
            <br />
            <input
              name="battleshipLocation6"
              onChange={[Function]}
              placeholder="Coordinate 6"
              type="text"
            />
            <br />
            <input
              name="battleshipLocation7"
              onChange={[Function]}
              placeholder="Coordinate 7"
              type="text"
            />
            <br />
            <input
              name="battleshipLocation8"
              onChange={[Function]}
              placeholder="Coordinate 8"
              type="text"
            />
            <br />
            <input
              type="submit"
              value="submit"
            />
          </form>
        </div>,
      ],
      "id": "boatLocationForm",
    },
    "ref": null,
    "rendered": Array [
      Object {
        "instance": null,
        "key": undefined,
        "nodeType": "host",
        "props": Object {
          "children": "Please enter your boats' coordinates below:",
        },
        "ref": null,
        "rendered": "Please enter your boats' coordinates below:",
        "type": "div",
      },
      Object {
        "instance": null,
        "key": undefined,
        "nodeType": "host",
        "props": Object {
          "children": <form
            onSubmit={[Function]}
          >
            The Dinghy:
            <br />
            <input
              name="dinghyLocation1"
              onChange={[Function]}
              placeholder="Coordinate 1"
              type="text"
            />
            <br />
            <input
              name="dinghyLocation2"
              onChange={[Function]}
              placeholder="Coordinate 2"
              type="text"
            />
            <br />
            <input
              name="dinghyLocation3"
              onChange={[Function]}
              placeholder="Coordinate 3"
              type="text"
            />
            <br />
            The Submarine:
            <br />
            <input
              name="submarineLocation1"
              onChange={[Function]}
              placeholder="Coordinate 1"
              type="text"
            />
            <br />
            <input
              name="submarineLocation2"
              onChange={[Function]}
              placeholder="Coordinate 2"
              type="text"
            />
            <br />
            <input
              name="submarineLocation3"
              onChange={[Function]}
              placeholder="Coordinate 3"
              type="text"
            />
            <br />
            <input
              name="submarineLocation4"
              onChange={[Function]}
              placeholder="Coordinate 4"
              type="text"
            />
            <br />
            The Destroyer:
            <br />
            <input
              name="destroyerLocation1"
              onChange={[Function]}
              placeholder="Coordinate 1"
              type="text"
            />
            <br />
            <input
              name="destroyerLocation2"
              onChange={[Function]}
              placeholder="Coordinate 2"
              type="text"
            />
            <br />
            <input
              name="destroyerLocation3"
              onChange={[Function]}
              placeholder="Coordinate 3"
              type="text"
            />
            <br />
            <input
              name="destroyerLocation4"
              onChange={[Function]}
              placeholder="Coordinate 4"
              type="text"
            />
            <br />
            <input
              name="destroyerLocation5"
              onChange={[Function]}
              placeholder="Coordinate 5"
              type="text"
            />
            <br />
            <input
              name="destroyerLocation6"
              onChange={[Function]}
              placeholder="Coordinate 6"
              type="text"
            />
            <br />
            The Battleship:
            <br />
            <input
              name="battleshipLocation1"
              onChange={[Function]}
              placeholder="Coordinate 1"
              type="text"
            />
            <br />
            <input
              name="battleshipLocation2"
              onChange={[Function]}
              placeholder="Coordinate 2"
              type="text"
            />
            <br />
            <input
              name="battleshipLocation3"
              onChange={[Function]}
              placeholder="Coordinate 3"
              type="text"
            />
            <br />
            <input
              name="battleshipLocation4"
              onChange={[Function]}
              placeholder="Coordinate 4"
              type="text"
            />
            <br />
            <input
              name="battleshipLocation5"
              onChange={[Function]}
              placeholder="Coordinate 5"
              type="text"
            />
            <br />
            <input
              name="battleshipLocation6"
              onChange={[Function]}
              placeholder="Coordinate 6"
              type="text"
            />
            <br />
            <input
              name="battleshipLocation7"
              onChange={[Function]}
              placeholder="Coordinate 7"
              type="text"
            />
            <br />
            <input
              name="battleshipLocation8"
              onChange={[Function]}
              placeholder="Coordinate 8"
              type="text"
            />
            <br />
            <input
              type="submit"
              value="submit"
            />
          </form>,
        },
        "ref": null,
        "rendered": Object {
          "instance": null,
          "key": undefined,
          "nodeType": "host",
          "props": Object {
            "children": Array [
              "The Dinghy:",
              <br />,
              <input
                name="dinghyLocation1"
                onChange={[Function]}
                placeholder="Coordinate 1"
                type="text"
              />,
              <br />,
              <input
                name="dinghyLocation2"
                onChange={[Function]}
                placeholder="Coordinate 2"
                type="text"
              />,
              <br />,
              <input
                name="dinghyLocation3"
                onChange={[Function]}
                placeholder="Coordinate 3"
                type="text"
              />,
              <br />,
              "The Submarine:",
              <br />,
              <input
                name="submarineLocation1"
                onChange={[Function]}
                placeholder="Coordinate 1"
                type="text"
              />,
              <br />,
              <input
                name="submarineLocation2"
                onChange={[Function]}
                placeholder="Coordinate 2"
                type="text"
              />,
              <br />,
              <input
                name="submarineLocation3"
                onChange={[Function]}
                placeholder="Coordinate 3"
                type="text"
              />,
              <br />,
              <input
                name="submarineLocation4"
                onChange={[Function]}
                placeholder="Coordinate 4"
                type="text"
              />,
              <br />,
              "The Destroyer:",
              <br />,
              <input
                name="destroyerLocation1"
                onChange={[Function]}
                placeholder="Coordinate 1"
                type="text"
              />,
              <br />,
              <input
                name="destroyerLocation2"
                onChange={[Function]}
                placeholder="Coordinate 2"
                type="text"
              />,
              <br />,
              <input
                name="destroyerLocation3"
                onChange={[Function]}
                placeholder="Coordinate 3"
                type="text"
              />,
              <br />,
              <input
                name="destroyerLocation4"
                onChange={[Function]}
                placeholder="Coordinate 4"
                type="text"
              />,
              <br />,
              <input
                name="destroyerLocation5"
                onChange={[Function]}
                placeholder="Coordinate 5"
                type="text"
              />,
              <br />,
              <input
                name="destroyerLocation6"
                onChange={[Function]}
                placeholder="Coordinate 6"
                type="text"
              />,
              <br />,
              "The Battleship:",
              <br />,
              <input
                name="battleshipLocation1"
                onChange={[Function]}
                placeholder="Coordinate 1"
                type="text"
              />,
              <br />,
              <input
                name="battleshipLocation2"
                onChange={[Function]}
                placeholder="Coordinate 2"
                type="text"
              />,
              <br />,
              <input
                name="battleshipLocation3"
                onChange={[Function]}
                placeholder="Coordinate 3"
                type="text"
              />,
              <br />,
              <input
                name="battleshipLocation4"
                onChange={[Function]}
                placeholder="Coordinate 4"
                type="text"
              />,
              <br />,
              <input
                name="battleshipLocation5"
                onChange={[Function]}
                placeholder="Coordinate 5"
                type="text"
              />,
              <br />,
              <input
                name="battleshipLocation6"
                onChange={[Function]}
                placeholder="Coordinate 6"
                type="text"
              />,
              <br />,
              <input
                name="battleshipLocation7"
                onChange={[Function]}
                placeholder="Coordinate 7"
                type="text"
              />,
              <br />,
              <input
                name="battleshipLocation8"
                onChange={[Function]}
                placeholder="Coordinate 8"
                type="text"
              />,
              <br />,
              <input
                type="submit"
                value="submit"
              />,
            ],
            "onSubmit": [Function],
          },
          "ref": null,
          "rendered": Array [
            "The Dinghy:",
            Object {
              "instance": null,
              "key": undefined,
              "nodeType": "host",
              "props": Object {},
              "ref": null,
              "rendered": null,
              "type": "br",
            },
            Object {
              "instance": null,
              "key": undefined,
              "nodeType": "host",
              "props": Object {
                "name": "dinghyLocation1",
                "onChange": [Function],
                "placeholder": "Coordinate 1",
                "type": "text",
              },
              "ref": null,
              "rendered": null,
              "type": "input",
            },
            Object {
              "instance": null,
              "key": undefined,
              "nodeType": "host",
              "props": Object {},
              "ref": null,
              "rendered": null,
              "type": "br",
            },
            Object {
              "instance": null,
              "key": undefined,
              "nodeType": "host",
              "props": Object {
                "name": "dinghyLocation2",
                "onChange": [Function],
                "placeholder": "Coordinate 2",
                "type": "text",
              },
              "ref": null,
              "rendered": null,
              "type": "input",
            },
            Object {
              "instance": null,
              "key": undefined,
              "nodeType": "host",
              "props": Object {},
              "ref": null,
              "rendered": null,
              "type": "br",
            },
            Object {
              "instance": null,
              "key": undefined,
              "nodeType": "host",
              "props": Object {
                "name": "dinghyLocation3",
                "onChange": [Function],
                "placeholder": "Coordinate 3",
                "type": "text",
              },
              "ref": null,
              "rendered": null,
              "type": "input",
            },
            Object {
              "instance": null,
              "key": undefined,
              "nodeType": "host",
              "props": Object {},
              "ref": null,
              "rendered": null,
              "type": "br",
            },
            "The Submarine:",
            Object {
              "instance": null,
              "key": undefined,
              "nodeType": "host",
              "props": Object {},
              "ref": null,
              "rendered": null,
              "type": "br",
            },
            Object {
              "instance": null,
              "key": undefined,
              "nodeType": "host",
              "props": Object {
                "name": "submarineLocation1",
                "onChange": [Function],
                "placeholder": "Coordinate 1",
                "type": "text",
              },
              "ref": null,
              "rendered": null,
              "type": "input",
            },
            Object {
              "instance": null,
              "key": undefined,
              "nodeType": "host",
              "props": Object {},
              "ref": null,
              "rendered": null,
              "type": "br",
            },
            Object {
              "instance": null,
              "key": undefined,
              "nodeType": "host",
              "props": Object {
                "name": "submarineLocation2",
                "onChange": [Function],
                "placeholder": "Coordinate 2",
                "type": "text",
              },
              "ref": null,
              "rendered": null,
              "type": "input",
            },
            Object {
              "instance": null,
              "key": undefined,
              "nodeType": "host",
              "props": Object {},
              "ref": null,
              "rendered": null,
              "type": "br",
            },
            Object {
              "instance": null,
              "key": undefined,
              "nodeType": "host",
              "props": Object {
                "name": "submarineLocation3",
                "onChange": [Function],
                "placeholder": "Coordinate 3",
                "type": "text",
              },
              "ref": null,
              "rendered": null,
              "type": "input",
            },
            Object {
              "instance": null,
              "key": undefined,
              "nodeType": "host",
              "props": Object {},
              "ref": null,
              "rendered": null,
              "type": "br",
            },
            Object {
              "instance": null,
              "key": undefined,
              "nodeType": "host",
              "props": Object {
                "name": "submarineLocation4",
                "onChange": [Function],
                "placeholder": "Coordinate 4",
                "type": "text",
              },
              "ref": null,
              "rendered": null,
              "type": "input",
            },
            Object {
              "instance": null,
              "key": undefined,
              "nodeType": "host",
              "props": Object {},
              "ref": null,
              "rendered": null,
              "type": "br",
            },
            "The Destroyer:",
            Object {
              "instance": null,
              "key": undefined,
              "nodeType": "host",
              "props": Object {},
              "ref": null,
              "rendered": null,
              "type": "br",
            },
            Object {
              "instance": null,
              "key": undefined,
              "nodeType": "host",
              "props": Object {
                "name": "destroyerLocation1",
                "onChange": [Function],
                "placeholder": "Coordinate 1",
                "type": "text",
              },
              "ref": null,
              "rendered": null,
              "type": "input",
            },
            Object {
              "instance": null,
              "key": undefined,
              "nodeType": "host",
              "props": Object {},
              "ref": null,
              "rendered": null,
              "type": "br",
            },
            Object {
              "instance": null,
              "key": undefined,
              "nodeType": "host",
              "props": Object {
                "name": "destroyerLocation2",
                "onChange": [Function],
                "placeholder": "Coordinate 2",
                "type": "text",
              },
              "ref": null,
              "rendered": null,
              "type": "input",
            },
            Object {
              "instance": null,
              "key": undefined,
              "nodeType": "host",
              "props": Object {},
              "ref": null,
              "rendered": null,
              "type": "br",
            },
            Object {
              "instance": null,
              "key": undefined,
              "nodeType": "host",
              "props": Object {
                "name": "destroyerLocation3",
                "onChange": [Function],
                "placeholder": "Coordinate 3",
                "type": "text",
              },
              "ref": null,
              "rendered": null,
              "type": "input",
            },
            Object {
              "instance": null,
              "key": undefined,
              "nodeType": "host",
              "props": Object {},
              "ref": null,
              "rendered": null,
              "type": "br",
            },
            Object {
              "instance": null,
              "key": undefined,
              "nodeType": "host",
              "props": Object {
                "name": "destroyerLocation4",
                "onChange": [Function],
                "placeholder": "Coordinate 4",
                "type": "text",
              },
              "ref": null,
              "rendered": null,
              "type": "input",
            },
            Object {
              "instance": null,
              "key": undefined,
              "nodeType": "host",
              "props": Object {},
              "ref": null,
              "rendered": null,
              "type": "br",
            },
            Object {
              "instance": null,
              "key": undefined,
              "nodeType": "host",
              "props": Object {
                "name": "destroyerLocation5",
                "onChange": [Function],
                "placeholder": "Coordinate 5",
                "type": "text",
              },
              "ref": null,
              "rendered": null,
              "type": "input",
            },
            Object {
              "instance": null,
              "key": undefined,
              "nodeType": "host",
              "props": Object {},
              "ref": null,
              "rendered": null,
              "type": "br",
            },
            Object {
              "instance": null,
              "key": undefined,
              "nodeType": "host",
              "props": Object {
                "name": "destroyerLocation6",
                "onChange": [Function],
                "placeholder": "Coordinate 6",
                "type": "text",
              },
              "ref": null,
              "rendered": null,
              "type": "input",
            },
            Object {
              "instance": null,
              "key": undefined,
              "nodeType": "host",
              "props": Object {},
              "ref": null,
              "rendered": null,
              "type": "br",
            },
            "The Battleship:",
            Object {
              "instance": null,
              "key": undefined,
              "nodeType": "host",
              "props": Object {},
              "ref": null,
              "rendered": null,
              "type": "br",
            },
            Object {
              "instance": null,
              "key": undefined,
              "nodeType": "host",
              "props": Object {
                "name": "battleshipLocation1",
                "onChange": [Function],
                "placeholder": "Coordinate 1",
                "type": "text",
              },
              "ref": null,
              "rendered": null,
              "type": "input",
            },
            Object {
              "instance": null,
              "key": undefined,
              "nodeType": "host",
              "props": Object {},
              "ref": null,
              "rendered": null,
              "type": "br",
            },
            Object {
              "instance": null,
              "key": undefined,
              "nodeType": "host",
              "props": Object {
                "name": "battleshipLocation2",
                "onChange": [Function],
                "placeholder": "Coordinate 2",
                "type": "text",
              },
              "ref": null,
              "rendered": null,
              "type": "input",
            },
            Object {
              "instance": null,
              "key": undefined,
              "nodeType": "host",
              "props": Object {},
              "ref": null,
              "rendered": null,
              "type": "br",
            },
            Object {
              "instance": null,
              "key": undefined,
              "nodeType": "host",
              "props": Object {
                "name": "battleshipLocation3",
                "onChange": [Function],
                "placeholder": "Coordinate 3",
                "type": "text",
              },
              "ref": null,
              "rendered": null,
              "type": "input",
            },
            Object {
              "instance": null,
              "key": undefined,
              "nodeType": "host",
              "props": Object {},
              "ref": null,
              "rendered": null,
              "type": "br",
            },
            Object {
              "instance": null,
              "key": undefined,
              "nodeType": "host",
              "props": Object {
                "name": "battleshipLocation4",
                "onChange": [Function],
                "placeholder": "Coordinate 4",
                "type": "text",
              },
              "ref": null,
              "rendered": null,
              "type": "input",
            },
            Object {
              "instance": null,
              "key": undefined,
              "nodeType": "host",
              "props": Object {},
              "ref": null,
              "rendered": null,
              "type": "br",
            },
            Object {
              "instance": null,
              "key": undefined,
              "nodeType": "host",
              "props": Object {
                "name": "battleshipLocation5",
                "onChange": [Function],
                "placeholder": "Coordinate 5",
                "type": "text",
              },
              "ref": null,
              "rendered": null,
              "type": "input",
            },
            Object {
              "instance": null,
              "key": undefined,
              "nodeType": "host",
              "props": Object {},
              "ref": null,
              "rendered": null,
              "type": "br",
            },
            Object {
              "instance": null,
              "key": undefined,
              "nodeType": "host",
              "props": Object {
                "name": "battleshipLocation6",
                "onChange": [Function],
                "placeholder": "Coordinate 6",
                "type": "text",
              },
              "ref": null,
              "rendered": null,
              "type": "input",
            },
            Object {
              "instance": null,
              "key": undefined,
              "nodeType": "host",
              "props": Object {},
              "ref": null,
              "rendered": null,
              "type": "br",
            },
            Object {
              "instance": null,
              "key": undefined,
              "nodeType": "host",
              "props": Object {
                "name": "battleshipLocation7",
                "onChange": [Function],
                "placeholder": "Coordinate 7",
                "type": "text",
              },
              "ref": null,
              "rendered": null,
              "type": "input",
            },
            Object {
              "instance": null,
              "key": undefined,
              "nodeType": "host",
              "props": Object {},
              "ref": null,
              "rendered": null,
              "type": "br",
            },
            Object {
              "instance": null,
              "key": undefined,
              "nodeType": "host",
              "props": Object {
                "name": "battleshipLocation8",
                "onChange": [Function],
                "placeholder": "Coordinate 8",
                "type": "text",
              },
              "ref": null,
              "rendered": null,
              "type": "input",
            },
            Object {
              "instance": null,
              "key": undefined,
              "nodeType": "host",
              "props": Object {},
              "ref": null,
              "rendered": null,
              "type": "br",
            },
            Object {
              "instance": null,
              "key": undefined,
              "nodeType": "host",
              "props": Object {
                "type": "submit",
                "value": "submit",
              },
              "ref": null,
              "rendered": null,
              "type": "input",
            },
          ],
          "type": "form",
        },
        "type": "div",
      },
    ],
    "type": "div",
  },
  Symbol(enzyme.__nodes__): Array [
    Object {
      "instance": null,
      "key": undefined,
      "nodeType": "host",
      "props": Object {
        "children": Array [
          <div>
            Please enter your boats' coordinates below:
          </div>,
          <div>
            <form
              onSubmit={[Function]}
            >
              The Dinghy:
              <br />
              <input
                name="dinghyLocation1"
                onChange={[Function]}
                placeholder="Coordinate 1"
                type="text"
              />
              <br />
              <input
                name="dinghyLocation2"
                onChange={[Function]}
                placeholder="Coordinate 2"
                type="text"
              />
              <br />
              <input
                name="dinghyLocation3"
                onChange={[Function]}
                placeholder="Coordinate 3"
                type="text"
              />
              <br />
              The Submarine:
              <br />
              <input
                name="submarineLocation1"
                onChange={[Function]}
                placeholder="Coordinate 1"
                type="text"
              />
              <br />
              <input
                name="submarineLocation2"
                onChange={[Function]}
                placeholder="Coordinate 2"
                type="text"
              />
              <br />
              <input
                name="submarineLocation3"
                onChange={[Function]}
                placeholder="Coordinate 3"
                type="text"
              />
              <br />
              <input
                name="submarineLocation4"
                onChange={[Function]}
                placeholder="Coordinate 4"
                type="text"
              />
              <br />
              The Destroyer:
              <br />
              <input
                name="destroyerLocation1"
                onChange={[Function]}
                placeholder="Coordinate 1"
                type="text"
              />
              <br />
              <input
                name="destroyerLocation2"
                onChange={[Function]}
                placeholder="Coordinate 2"
                type="text"
              />
              <br />
              <input
                name="destroyerLocation3"
                onChange={[Function]}
                placeholder="Coordinate 3"
                type="text"
              />
              <br />
              <input
                name="destroyerLocation4"
                onChange={[Function]}
                placeholder="Coordinate 4"
                type="text"
              />
              <br />
              <input
                name="destroyerLocation5"
                onChange={[Function]}
                placeholder="Coordinate 5"
                type="text"
              />
              <br />
              <input
                name="destroyerLocation6"
                onChange={[Function]}
                placeholder="Coordinate 6"
                type="text"
              />
              <br />
              The Battleship:
              <br />
              <input
                name="battleshipLocation1"
                onChange={[Function]}
                placeholder="Coordinate 1"
                type="text"
              />
              <br />
              <input
                name="battleshipLocation2"
                onChange={[Function]}
                placeholder="Coordinate 2"
                type="text"
              />
              <br />
              <input
                name="battleshipLocation3"
                onChange={[Function]}
                placeholder="Coordinate 3"
                type="text"
              />
              <br />
              <input
                name="battleshipLocation4"
                onChange={[Function]}
                placeholder="Coordinate 4"
                type="text"
              />
              <br />
              <input
                name="battleshipLocation5"
                onChange={[Function]}
                placeholder="Coordinate 5"
                type="text"
              />
              <br />
              <input
                name="battleshipLocation6"
                onChange={[Function]}
                placeholder="Coordinate 6"
                type="text"
              />
              <br />
              <input
                name="battleshipLocation7"
                onChange={[Function]}
                placeholder="Coordinate 7"
                type="text"
              />
              <br />
              <input
                name="battleshipLocation8"
                onChange={[Function]}
                placeholder="Coordinate 8"
                type="text"
              />
              <br />
              <input
                type="submit"
                value="submit"
              />
            </form>
          </div>,
        ],
        "id": "boatLocationForm",
      },
      "ref": null,
      "rendered": Array [
        Object {
          "instance": null,
          "key": undefined,
          "nodeType": "host",
          "props": Object {
            "children": "Please enter your boats' coordinates below:",
          },
          "ref": null,
          "rendered": "Please enter your boats' coordinates below:",
          "type": "div",
        },
        Object {
          "instance": null,
          "key": undefined,
          "nodeType": "host",
          "props": Object {
            "children": <form
              onSubmit={[Function]}
            >
              The Dinghy:
              <br />
              <input
                name="dinghyLocation1"
                onChange={[Function]}
                placeholder="Coordinate 1"
                type="text"
              />
              <br />
              <input
                name="dinghyLocation2"
                onChange={[Function]}
                placeholder="Coordinate 2"
                type="text"
              />
              <br />
              <input
                name="dinghyLocation3"
                onChange={[Function]}
                placeholder="Coordinate 3"
                type="text"
              />
              <br />
              The Submarine:
              <br />
              <input
                name="submarineLocation1"
                onChange={[Function]}
                placeholder="Coordinate 1"
                type="text"
              />
              <br />
              <input
                name="submarineLocation2"
                onChange={[Function]}
                placeholder="Coordinate 2"
                type="text"
              />
              <br />
              <input
                name="submarineLocation3"
                onChange={[Function]}
                placeholder="Coordinate 3"
                type="text"
              />
              <br />
              <input
                name="submarineLocation4"
                onChange={[Function]}
                placeholder="Coordinate 4"
                type="text"
              />
              <br />
              The Destroyer:
              <br />
              <input
                name="destroyerLocation1"
                onChange={[Function]}
                placeholder="Coordinate 1"
                type="text"
              />
              <br />
              <input
                name="destroyerLocation2"
                onChange={[Function]}
                placeholder="Coordinate 2"
                type="text"
              />
              <br />
              <input
                name="destroyerLocation3"
                onChange={[Function]}
                placeholder="Coordinate 3"
                type="text"
              />
              <br />
              <input
                name="destroyerLocation4"
                onChange={[Function]}
                placeholder="Coordinate 4"
                type="text"
              />
              <br />
              <input
                name="destroyerLocation5"
                onChange={[Function]}
                placeholder="Coordinate 5"
                type="text"
              />
              <br />
              <input
                name="destroyerLocation6"
                onChange={[Function]}
                placeholder="Coordinate 6"
                type="text"
              />
              <br />
              The Battleship:
              <br />
              <input
                name="battleshipLocation1"
                onChange={[Function]}
                placeholder="Coordinate 1"
                type="text"
              />
              <br />
              <input
                name="battleshipLocation2"
                onChange={[Function]}
                placeholder="Coordinate 2"
                type="text"
              />
              <br />
              <input
                name="battleshipLocation3"
                onChange={[Function]}
                placeholder="Coordinate 3"
                type="text"
              />
              <br />
              <input
                name="battleshipLocation4"
                onChange={[Function]}
                placeholder="Coordinate 4"
                type="text"
              />
              <br />
              <input
                name="battleshipLocation5"
                onChange={[Function]}
                placeholder="Coordinate 5"
                type="text"
              />
              <br />
              <input
                name="battleshipLocation6"
                onChange={[Function]}
                placeholder="Coordinate 6"
                type="text"
              />
              <br />
              <input
                name="battleshipLocation7"
                onChange={[Function]}
                placeholder="Coordinate 7"
                type="text"
              />
              <br />
              <input
                name="battleshipLocation8"
                onChange={[Function]}
                placeholder="Coordinate 8"
                type="text"
              />
              <br />
              <input
                type="submit"
                value="submit"
              />
            </form>,
          },
          "ref": null,
          "rendered": Object {
            "instance": null,
            "key": undefined,
            "nodeType": "host",
            "props": Object {
              "children": Array [
                "The Dinghy:",
                <br />,
                <input
                  name="dinghyLocation1"
                  onChange={[Function]}
                  placeholder="Coordinate 1"
                  type="text"
                />,
                <br />,
                <input
                  name="dinghyLocation2"
                  onChange={[Function]}
                  placeholder="Coordinate 2"
                  type="text"
                />,
                <br />,
                <input
                  name="dinghyLocation3"
                  onChange={[Function]}
                  placeholder="Coordinate 3"
                  type="text"
                />,
                <br />,
                "The Submarine:",
                <br />,
                <input
                  name="submarineLocation1"
                  onChange={[Function]}
                  placeholder="Coordinate 1"
                  type="text"
                />,
                <br />,
                <input
                  name="submarineLocation2"
                  onChange={[Function]}
                  placeholder="Coordinate 2"
                  type="text"
                />,
                <br />,
                <input
                  name="submarineLocation3"
                  onChange={[Function]}
                  placeholder="Coordinate 3"
                  type="text"
                />,
                <br />,
                <input
                  name="submarineLocation4"
                  onChange={[Function]}
                  placeholder="Coordinate 4"
                  type="text"
                />,
                <br />,
                "The Destroyer:",
                <br />,
                <input
                  name="destroyerLocation1"
                  onChange={[Function]}
                  placeholder="Coordinate 1"
                  type="text"
                />,
                <br />,
                <input
                  name="destroyerLocation2"
                  onChange={[Function]}
                  placeholder="Coordinate 2"
                  type="text"
                />,
                <br />,
                <input
                  name="destroyerLocation3"
                  onChange={[Function]}
                  placeholder="Coordinate 3"
                  type="text"
                />,
                <br />,
                <input
                  name="destroyerLocation4"
                  onChange={[Function]}
                  placeholder="Coordinate 4"
                  type="text"
                />,
                <br />,
                <input
                  name="destroyerLocation5"
                  onChange={[Function]}
                  placeholder="Coordinate 5"
                  type="text"
                />,
                <br />,
                <input
                  name="destroyerLocation6"
                  onChange={[Function]}
                  placeholder="Coordinate 6"
                  type="text"
                />,
                <br />,
                "The Battleship:",
                <br />,
                <input
                  name="battleshipLocation1"
                  onChange={[Function]}
                  placeholder="Coordinate 1"
                  type="text"
                />,
                <br />,
                <input
                  name="battleshipLocation2"
                  onChange={[Function]}
                  placeholder="Coordinate 2"
                  type="text"
                />,
                <br />,
                <input
                  name="battleshipLocation3"
                  onChange={[Function]}
                  placeholder="Coordinate 3"
                  type="text"
                />,
                <br />,
                <input
                  name="battleshipLocation4"
                  onChange={[Function]}
                  placeholder="Coordinate 4"
                  type="text"
                />,
                <br />,
                <input
                  name="battleshipLocation5"
                  onChange={[Function]}
                  placeholder="Coordinate 5"
                  type="text"
                />,
                <br />,
                <input
                  name="battleshipLocation6"
                  onChange={[Function]}
                  placeholder="Coordinate 6"
                  type="text"
                />,
                <br />,
                <input
                  name="battleshipLocation7"
                  onChange={[Function]}
                  placeholder="Coordinate 7"
                  type="text"
                />,
                <br />,
                <input
                  name="battleshipLocation8"
                  onChange={[Function]}
                  placeholder="Coordinate 8"
                  type="text"
                />,
                <br />,
                <input
                  type="submit"
                  value="submit"
                />,
              ],
              "onSubmit": [Function],
            },
            "ref": null,
            "rendered": Array [
              "The Dinghy:",
              Object {
                "instance": null,
                "key": undefined,
                "nodeType": "host",
                "props": Object {},
                "ref": null,
                "rendered": null,
                "type": "br",
              },
              Object {
                "instance": null,
                "key": undefined,
                "nodeType": "host",
                "props": Object {
                  "name": "dinghyLocation1",
                  "onChange": [Function],
                  "placeholder": "Coordinate 1",
                  "type": "text",
                },
                "ref": null,
                "rendered": null,
                "type": "input",
              },
              Object {
                "instance": null,
                "key": undefined,
                "nodeType": "host",
                "props": Object {},
                "ref": null,
                "rendered": null,
                "type": "br",
              },
              Object {
                "instance": null,
                "key": undefined,
                "nodeType": "host",
                "props": Object {
                  "name": "dinghyLocation2",
                  "onChange": [Function],
                  "placeholder": "Coordinate 2",
                  "type": "text",
                },
                "ref": null,
                "rendered": null,
                "type": "input",
              },
              Object {
                "instance": null,
                "key": undefined,
                "nodeType": "host",
                "props": Object {},
                "ref": null,
                "rendered": null,
                "type": "br",
              },
              Object {
                "instance": null,
                "key": undefined,
                "nodeType": "host",
                "props": Object {
                  "name": "dinghyLocation3",
                  "onChange": [Function],
                  "placeholder": "Coordinate 3",
                  "type": "text",
                },
                "ref": null,
                "rendered": null,
                "type": "input",
              },
              Object {
                "instance": null,
                "key": undefined,
                "nodeType": "host",
                "props": Object {},
                "ref": null,
                "rendered": null,
                "type": "br",
              },
              "The Submarine:",
              Object {
                "instance": null,
                "key": undefined,
                "nodeType": "host",
                "props": Object {},
                "ref": null,
                "rendered": null,
                "type": "br",
              },
              Object {
                "instance": null,
                "key": undefined,
                "nodeType": "host",
                "props": Object {
                  "name": "submarineLocation1",
                  "onChange": [Function],
                  "placeholder": "Coordinate 1",
                  "type": "text",
                },
                "ref": null,
                "rendered": null,
                "type": "input",
              },
              Object {
                "instance": null,
                "key": undefined,
                "nodeType": "host",
                "props": Object {},
                "ref": null,
                "rendered": null,
                "type": "br",
              },
              Object {
                "instance": null,
                "key": undefined,
                "nodeType": "host",
                "props": Object {
                  "name": "submarineLocation2",
                  "onChange": [Function],
                  "placeholder": "Coordinate 2",
                  "type": "text",
                },
                "ref": null,
                "rendered": null,
                "type": "input",
              },
              Object {
                "instance": null,
                "key": undefined,
                "nodeType": "host",
                "props": Object {},
                "ref": null,
                "rendered": null,
                "type": "br",
              },
              Object {
                "instance": null,
                "key": undefined,
                "nodeType": "host",
                "props": Object {
                  "name": "submarineLocation3",
                  "onChange": [Function],
                  "placeholder": "Coordinate 3",
                  "type": "text",
                },
                "ref": null,
                "rendered": null,
                "type": "input",
              },
              Object {
                "instance": null,
                "key": undefined,
                "nodeType": "host",
                "props": Object {},
                "ref": null,
                "rendered": null,
                "type": "br",
              },
              Object {
                "instance": null,
                "key": undefined,
                "nodeType": "host",
                "props": Object {
                  "name": "submarineLocation4",
                  "onChange": [Function],
                  "placeholder": "Coordinate 4",
                  "type": "text",
                },
                "ref": null,
                "rendered": null,
                "type": "input",
              },
              Object {
                "instance": null,
                "key": undefined,
                "nodeType": "host",
                "props": Object {},
                "ref": null,
                "rendered": null,
                "type": "br",
              },
              "The Destroyer:",
              Object {
                "instance": null,
                "key": undefined,
                "nodeType": "host",
                "props": Object {},
                "ref": null,
                "rendered": null,
                "type": "br",
              },
              Object {
                "instance": null,
                "key": undefined,
                "nodeType": "host",
                "props": Object {
                  "name": "destroyerLocation1",
                  "onChange": [Function],
                  "placeholder": "Coordinate 1",
                  "type": "text",
                },
                "ref": null,
                "rendered": null,
                "type": "input",
              },
              Object {
                "instance": null,
                "key": undefined,
                "nodeType": "host",
                "props": Object {},
                "ref": null,
                "rendered": null,
                "type": "br",
              },
              Object {
                "instance": null,
                "key": undefined,
                "nodeType": "host",
                "props": Object {
                  "name": "destroyerLocation2",
                  "onChange": [Function],
                  "placeholder": "Coordinate 2",
                  "type": "text",
                },
                "ref": null,
                "rendered": null,
                "type": "input",
              },
              Object {
                "instance": null,
                "key": undefined,
                "nodeType": "host",
                "props": Object {},
                "ref": null,
                "rendered": null,
                "type": "br",
              },
              Object {
                "instance": null,
                "key": undefined,
                "nodeType": "host",
                "props": Object {
                  "name": "destroyerLocation3",
                  "onChange": [Function],
                  "placeholder": "Coordinate 3",
                  "type": "text",
                },
                "ref": null,
                "rendered": null,
                "type": "input",
              },
              Object {
                "instance": null,
                "key": undefined,
                "nodeType": "host",
                "props": Object {},
                "ref": null,
                "rendered": null,
                "type": "br",
              },
              Object {
                "instance": null,
                "key": undefined,
                "nodeType": "host",
                "props": Object {
                  "name": "destroyerLocation4",
                  "onChange": [Function],
                  "placeholder": "Coordinate 4",
                  "type": "text",
                },
                "ref": null,
                "rendered": null,
                "type": "input",
              },
              Object {
                "instance": null,
                "key": undefined,
                "nodeType": "host",
                "props": Object {},
                "ref": null,
                "rendered": null,
                "type": "br",
              },
              Object {
                "instance": null,
                "key": undefined,
                "nodeType": "host",
                "props": Object {
                  "name": "destroyerLocation5",
                  "onChange": [Function],
                  "placeholder": "Coordinate 5",
                  "type": "text",
                },
                "ref": null,
                "rendered": null,
                "type": "input",
              },
              Object {
                "instance": null,
                "key": undefined,
                "nodeType": "host",
                "props": Object {},
                "ref": null,
                "rendered": null,
                "type": "br",
              },
              Object {
                "instance": null,
                "key": undefined,
                "nodeType": "host",
                "props": Object {
                  "name": "destroyerLocation6",
                  "onChange": [Function],
                  "placeholder": "Coordinate 6",
                  "type": "text",
                },
                "ref": null,
                "rendered": null,
                "type": "input",
              },
              Object {
                "instance": null,
                "key": undefined,
                "nodeType": "host",
                "props": Object {},
                "ref": null,
                "rendered": null,
                "type": "br",
              },
              "The Battleship:",
              Object {
                "instance": null,
                "key": undefined,
                "nodeType": "host",
                "props": Object {},
                "ref": null,
                "rendered": null,
                "type": "br",
              },
              Object {
                "instance": null,
                "key": undefined,
                "nodeType": "host",
                "props": Object {
                  "name": "battleshipLocation1",
                  "onChange": [Function],
                  "placeholder": "Coordinate 1",
                  "type": "text",
                },
                "ref": null,
                "rendered": null,
                "type": "input",
              },
              Object {
                "instance": null,
                "key": undefined,
                "nodeType": "host",
                "props": Object {},
                "ref": null,
                "rendered": null,
                "type": "br",
              },
              Object {
                "instance": null,
                "key": undefined,
                "nodeType": "host",
                "props": Object {
                  "name": "battleshipLocation2",
                  "onChange": [Function],
                  "placeholder": "Coordinate 2",
                  "type": "text",
                },
                "ref": null,
                "rendered": null,
                "type": "input",
              },
              Object {
                "instance": null,
                "key": undefined,
                "nodeType": "host",
                "props": Object {},
                "ref": null,
                "rendered": null,
                "type": "br",
              },
              Object {
                "instance": null,
                "key": undefined,
                "nodeType": "host",
                "props": Object {
                  "name": "battleshipLocation3",
                  "onChange": [Function],
                  "placeholder": "Coordinate 3",
                  "type": "text",
                },
                "ref": null,
                "rendered": null,
                "type": "input",
              },
              Object {
                "instance": null,
                "key": undefined,
                "nodeType": "host",
                "props": Object {},
                "ref": null,
                "rendered": null,
                "type": "br",
              },
              Object {
                "instance": null,
                "key": undefined,
                "nodeType": "host",
                "props": Object {
                  "name": "battleshipLocation4",
                  "onChange": [Function],
                  "placeholder": "Coordinate 4",
                  "type": "text",
                },
                "ref": null,
                "rendered": null,
                "type": "input",
              },
              Object {
                "instance": null,
                "key": undefined,
                "nodeType": "host",
                "props": Object {},
                "ref": null,
                "rendered": null,
                "type": "br",
              },
              Object {
                "instance": null,
                "key": undefined,
                "nodeType": "host",
                "props": Object {
                  "name": "battleshipLocation5",
                  "onChange": [Function],
                  "placeholder": "Coordinate 5",
                  "type": "text",
                },
                "ref": null,
                "rendered": null,
                "type": "input",
              },
              Object {
                "instance": null,
                "key": undefined,
                "nodeType": "host",
                "props": Object {},
                "ref": null,
                "rendered": null,
                "type": "br",
              },
              Object {
                "instance": null,
                "key": undefined,
                "nodeType": "host",
                "props": Object {
                  "name": "battleshipLocation6",
                  "onChange": [Function],
                  "placeholder": "Coordinate 6",
                  "type": "text",
                },
                "ref": null,
                "rendered": null,
                "type": "input",
              },
              Object {
                "instance": null,
                "key": undefined,
                "nodeType": "host",
                "props": Object {},
                "ref": null,
                "rendered": null,
                "type": "br",
              },
              Object {
                "instance": null,
                "key": undefined,
                "nodeType": "host",
                "props": Object {
                  "name": "battleshipLocation7",
                  "onChange": [Function],
                  "placeholder": "Coordinate 7",
                  "type": "text",
                },
                "ref": null,
                "rendered": null,
                "type": "input",
              },
              Object {
                "instance": null,
                "key": undefined,
                "nodeType": "host",
                "props": Object {},
                "ref": null,
                "rendered": null,
                "type": "br",
              },
              Object {
                "instance": null,
                "key": undefined,
                "nodeType": "host",
                "props": Object {
                  "name": "battleshipLocation8",
                  "onChange": [Function],
                  "placeholder": "Coordinate 8",
                  "type": "text",
                },
                "ref": null,
                "rendered": null,
                "type": "input",
              },
              Object {
                "instance": null,
                "key": undefined,
                "nodeType": "host",
                "props": Object {},
                "ref": null,
                "rendered": null,
                "type": "br",
              },
              Object {
                "instance": null,
                "key": undefined,
                "nodeType": "host",
                "props": Object {
                  "type": "submit",
                  "value": "submit",
                },
                "ref": null,
                "rendered": null,
                "type": "input",
              },
            ],
            "type": "form",
          },
          "type": "div",
        },
      ],
      "type": "div",
    },
  ],
  Symbol(enzyme.__options__): Object {
    "adapter": ReactSixteenAdapter {
      "options": Object {
        "enableComponentDidUpdateOnSetState": true,
        "lifecycles": Object {
          "componentDidUpdate": Object {
            "onSetState": true,
          },
          "getDerivedStateFromProps": true,
          "getSnapshotBeforeUpdate": true,
          "setState": Object {
            "skipsComponentDidUpdateOnNullish": true,
          },
        },
      },
    },
  },
}
`;
